     0,                  Time [s],                            Time [s]
     1,            delta GENROU 1,                   $\delta$ GENROU 1
     2,            delta GENROU 2,                   $\delta$ GENROU 2
     3,            delta GENROU 3,                   $\delta$ GENROU 3
     4,            delta GENROU 4,                   $\delta$ GENROU 4
     5,            delta GENROU 5,                   $\delta$ GENROU 5
     6,            omega GENROU 1,                   $\omega$ GENROU 1
     7,            omega GENROU 2,                   $\omega$ GENROU 2
     8,            omega GENROU 3,                   $\omega$ GENROU 3
     9,            omega GENROU 4,                   $\omega$ GENROU 4
    10,            omega GENROU 5,                   $\omega$ GENROU 5
    11,              e1q GENROU 1,                   ${e'_q}$ GENROU 1
    12,              e1q GENROU 2,                   ${e'_q}$ GENROU 2
    13,              e1q GENROU 3,                   ${e'_q}$ GENROU 3
    14,              e1q GENROU 4,                   ${e'_q}$ GENROU 4
    15,              e1q GENROU 5,                   ${e'_q}$ GENROU 5
    16,              e1d GENROU 1,                   ${e'_d}$ GENROU 1
    17,              e1d GENROU 2,                   ${e'_d}$ GENROU 2
    18,              e1d GENROU 3,                   ${e'_d}$ GENROU 3
    19,              e1d GENROU 4,                   ${e'_d}$ GENROU 4
    20,              e1d GENROU 5,                   ${e'_d}$ GENROU 5
    21,              e2d GENROU 1,                  ${e''_d}$ GENROU 1
    22,              e2d GENROU 2,                  ${e''_d}$ GENROU 2
    23,              e2d GENROU 3,                  ${e''_d}$ GENROU 3
    24,              e2d GENROU 4,                  ${e''_d}$ GENROU 4
    25,              e2d GENROU 5,                  ${e''_d}$ GENROU 5
    26,              e2q GENROU 1,                  ${e''_q}$ GENROU 1
    27,              e2q GENROU 2,                  ${e''_q}$ GENROU 2
    28,              e2q GENROU 3,                  ${e''_q}$ GENROU 3
    29,              e2q GENROU 4,                  ${e''_q}$ GENROU 4
    30,              e2q GENROU 5,                  ${e''_q}$ GENROU 5
    31,             LAG_y TGOV1 1,                   $y_{LAG}$ TGOV1 1
    32,             LAG_y TGOV1 2,                   $y_{LAG}$ TGOV1 2
    33,             LAG_y TGOV1 3,                   $y_{LAG}$ TGOV1 3
    34,             LAG_y TGOV1 4,                   $y_{LAG}$ TGOV1 4
    35,             LAG_y TGOV1 5,                   $y_{LAG}$ TGOV1 5
    36,              LL_x TGOV1 1,                   $x'_{LL}$ TGOV1 1
    37,              LL_x TGOV1 2,                   $x'_{LL}$ TGOV1 2
    38,              LL_x TGOV1 3,                   $x'_{LL}$ TGOV1 3
    39,              LL_x TGOV1 4,                   $x'_{LL}$ TGOV1 4
    40,              LL_x TGOV1 5,                   $x'_{LL}$ TGOV1 5
    41,              LG_y EXST1 1,                    $y_{LG}$ EXST1 1
    42,              LL_x EXST1 1,                   $x'_{LL}$ EXST1 1
    43,              LR_y EXST1 1,                    $y_{LR}$ EXST1 1
    44,              WF_x EXST1 1,                   $x'_{WF}$ EXST1 1
    45,             LG_y ESST3A 2,                   $y_{LG}$ ESST3A 2
    46,             LG_y ESST3A 3,                   $y_{LG}$ ESST3A 3
    47,             LG_y ESST3A 4,                   $y_{LG}$ ESST3A 4
    48,             LG_y ESST3A 5,                   $y_{LG}$ ESST3A 5
    49,             LL_x ESST3A 2,                  $x'_{LL}$ ESST3A 2
    50,             LL_x ESST3A 3,                  $x'_{LL}$ ESST3A 3
    51,             LL_x ESST3A 4,                  $x'_{LL}$ ESST3A 4
    52,             LL_x ESST3A 5,                  $x'_{LL}$ ESST3A 5
    53,           LAW1_y ESST3A 2,                 $y_{LAW1}$ ESST3A 2
    54,           LAW1_y ESST3A 3,                 $y_{LAW1}$ ESST3A 3
    55,           LAW1_y ESST3A 4,                 $y_{LAW1}$ ESST3A 4
    56,           LAW1_y ESST3A 5,                 $y_{LAW1}$ ESST3A 5
    57,           LAW2_y ESST3A 2,                 $y_{LAW2}$ ESST3A 2
    58,           LAW2_y ESST3A 3,                 $y_{LAW2}$ ESST3A 3
    59,           LAW2_y ESST3A 4,                 $y_{LAW2}$ ESST3A 4
    60,           LAW2_y ESST3A 5,                 $y_{LAW2}$ ESST3A 5
    61,             L_y BusFreq 1,                   $y_{L}$ BusFreq 1
    62,             L_y BusFreq 2,                   $y_{L}$ BusFreq 2
    63,             L_y BusFreq 3,                   $y_{L}$ BusFreq 3
    64,            WO_x BusFreq 1,                 $x'_{WO}$ BusFreq 1
    65,            WO_x BusFreq 2,                 $x'_{WO}$ BusFreq 2
    66,            WO_x BusFreq 3,                 $x'_{WO}$ BusFreq 3
    67,                   a Bus 1,                      $\theta$ Bus 1
    68,                   a Bus 2,                      $\theta$ Bus 2
    69,                   a Bus 3,                      $\theta$ Bus 3
    70,                   a Bus 4,                      $\theta$ Bus 4
    71,                   a Bus 5,                      $\theta$ Bus 5
    72,                   a Bus 6,                      $\theta$ Bus 6
    73,                   a Bus 7,                      $\theta$ Bus 7
    74,                   a Bus 8,                      $\theta$ Bus 8
    75,                   a Bus 9,                      $\theta$ Bus 9
    76,                  a Bus 10,                     $\theta$ Bus 10
    77,                  a Bus 11,                     $\theta$ Bus 11
    78,                  a Bus 12,                     $\theta$ Bus 12
    79,                  a Bus 13,                     $\theta$ Bus 13
    80,                  a Bus 14,                     $\theta$ Bus 14
    81,                   v Bus 1,                           $V$ Bus 1
    82,                   v Bus 2,                           $V$ Bus 2
    83,                   v Bus 3,                           $V$ Bus 3
    84,                   v Bus 4,                           $V$ Bus 4
    85,                   v Bus 5,                           $V$ Bus 5
    86,                   v Bus 6,                           $V$ Bus 6
    87,                   v Bus 7,                           $V$ Bus 7
    88,                   v Bus 8,                           $V$ Bus 8
    89,                   v Bus 9,                           $V$ Bus 9
    90,                  v Bus 10,                          $V$ Bus 10
    91,                  v Bus 11,                          $V$ Bus 11
    92,                  v Bus 12,                          $V$ Bus 12
    93,                  v Bus 13,                          $V$ Bus 13
    94,                  v Bus 14,                          $V$ Bus 14
    95,               Id GENROU 1,                      $I_d$ GENROU 1
    96,               Id GENROU 2,                      $I_d$ GENROU 2
    97,               Id GENROU 3,                      $I_d$ GENROU 3
    98,               Id GENROU 4,                      $I_d$ GENROU 4
    99,               Id GENROU 5,                      $I_d$ GENROU 5
   100,               Iq GENROU 1,                      $I_q$ GENROU 1
   101,               Iq GENROU 2,                      $I_q$ GENROU 2
   102,               Iq GENROU 3,                      $I_q$ GENROU 3
   103,               Iq GENROU 4,                      $I_q$ GENROU 4
   104,               Iq GENROU 5,                      $I_q$ GENROU 5
   105,               vd GENROU 1,                      $V_d$ GENROU 1
   106,               vd GENROU 2,                      $V_d$ GENROU 2
   107,               vd GENROU 3,                      $V_d$ GENROU 3
   108,               vd GENROU 4,                      $V_d$ GENROU 4
   109,               vd GENROU 5,                      $V_d$ GENROU 5
   110,               vq GENROU 1,                      $V_q$ GENROU 1
   111,               vq GENROU 2,                      $V_q$ GENROU 2
   112,               vq GENROU 3,                      $V_q$ GENROU 3
   113,               vq GENROU 4,                      $V_q$ GENROU 4
   114,               vq GENROU 5,                      $V_q$ GENROU 5
   115,               tm GENROU 1,                   $\tau_m$ GENROU 1
   116,               tm GENROU 2,                   $\tau_m$ GENROU 2
   117,               tm GENROU 3,                   $\tau_m$ GENROU 3
   118,               tm GENROU 4,                   $\tau_m$ GENROU 4
   119,               tm GENROU 5,                   $\tau_m$ GENROU 5
   120,               te GENROU 1,                   $\tau_e$ GENROU 1
   121,               te GENROU 2,                   $\tau_e$ GENROU 2
   122,               te GENROU 3,                   $\tau_e$ GENROU 3
   123,               te GENROU 4,                   $\tau_e$ GENROU 4
   124,               te GENROU 5,                   $\tau_e$ GENROU 5
   125,               vf GENROU 1,                      $v_f$ GENROU 1
   126,               vf GENROU 2,                      $v_f$ GENROU 2
   127,               vf GENROU 3,                      $v_f$ GENROU 3
   128,               vf GENROU 4,                      $v_f$ GENROU 4
   129,               vf GENROU 5,                      $v_f$ GENROU 5
   130,           XadIfd GENROU 1,             $X_{ad}I_{fd}$ GENROU 1
   131,           XadIfd GENROU 2,             $X_{ad}I_{fd}$ GENROU 2
   132,           XadIfd GENROU 3,             $X_{ad}I_{fd}$ GENROU 3
   133,           XadIfd GENROU 4,             $X_{ad}I_{fd}$ GENROU 4
   134,           XadIfd GENROU 5,             $X_{ad}I_{fd}$ GENROU 5
   135,               Pe GENROU 1,                      $P_e$ GENROU 1
   136,               Pe GENROU 2,                      $P_e$ GENROU 2
   137,               Pe GENROU 3,                      $P_e$ GENROU 3
   138,               Pe GENROU 4,                      $P_e$ GENROU 4
   139,               Pe GENROU 5,                      $P_e$ GENROU 5
   140,               Qe GENROU 1,                      $Q_e$ GENROU 1
   141,               Qe GENROU 2,                      $Q_e$ GENROU 2
   142,               Qe GENROU 3,                      $Q_e$ GENROU 3
   143,               Qe GENROU 4,                      $Q_e$ GENROU 4
   144,               Qe GENROU 5,                      $Q_e$ GENROU 5
   145,             psid GENROU 1,                   $\psi_d$ GENROU 1
   146,             psid GENROU 2,                   $\psi_d$ GENROU 2
   147,             psid GENROU 3,                   $\psi_d$ GENROU 3
   148,             psid GENROU 4,                   $\psi_d$ GENROU 4
   149,             psid GENROU 5,                   $\psi_d$ GENROU 5
   150,             psiq GENROU 1,                   $\psi_q$ GENROU 1
   151,             psiq GENROU 2,                   $\psi_q$ GENROU 2
   152,             psiq GENROU 3,                   $\psi_q$ GENROU 3
   153,             psiq GENROU 4,                   $\psi_q$ GENROU 4
   154,             psiq GENROU 5,                   $\psi_q$ GENROU 5
   155,            psi2q GENROU 1,                $\psi_{aq}$ GENROU 1
   156,            psi2q GENROU 2,                $\psi_{aq}$ GENROU 2
   157,            psi2q GENROU 3,                $\psi_{aq}$ GENROU 3
   158,            psi2q GENROU 4,                $\psi_{aq}$ GENROU 4
   159,            psi2q GENROU 5,                $\psi_{aq}$ GENROU 5
   160,            psi2d GENROU 1,                $\psi_{ad}$ GENROU 1
   161,            psi2d GENROU 2,                $\psi_{ad}$ GENROU 2
   162,            psi2d GENROU 3,                $\psi_{ad}$ GENROU 3
   163,            psi2d GENROU 4,                $\psi_{ad}$ GENROU 4
   164,            psi2d GENROU 5,                $\psi_{ad}$ GENROU 5
   165,             psi2 GENROU 1,                   $\psi_a$ GENROU 1
   166,             psi2 GENROU 2,                   $\psi_a$ GENROU 2
   167,             psi2 GENROU 3,                   $\psi_a$ GENROU 3
   168,             psi2 GENROU 4,                   $\psi_a$ GENROU 4
   169,             psi2 GENROU 5,                   $\psi_a$ GENROU 5
   170,               Se GENROU 1,          $S_e(|\psi_{a}|)$ GENROU 1
   171,               Se GENROU 2,          $S_e(|\psi_{a}|)$ GENROU 2
   172,               Se GENROU 3,          $S_e(|\psi_{a}|)$ GENROU 3
   173,               Se GENROU 4,          $S_e(|\psi_{a}|)$ GENROU 4
   174,               Se GENROU 5,          $S_e(|\psi_{a}|)$ GENROU 5
   175,           XaqI1q GENROU 1,             $X_{aq}I_{1q}$ GENROU 1
   176,           XaqI1q GENROU 2,             $X_{aq}I_{1q}$ GENROU 2
   177,           XaqI1q GENROU 3,             $X_{aq}I_{1q}$ GENROU 3
   178,           XaqI1q GENROU 4,             $X_{aq}I_{1q}$ GENROU 4
   179,           XaqI1q GENROU 5,             $X_{aq}I_{1q}$ GENROU 5
   180,              paux TGOV1 1,                   $P_{aux}$ TGOV1 1
   181,              paux TGOV1 2,                   $P_{aux}$ TGOV1 2
   182,              paux TGOV1 3,                   $P_{aux}$ TGOV1 3
   183,              paux TGOV1 4,                   $P_{aux}$ TGOV1 4
   184,              paux TGOV1 5,                   $P_{aux}$ TGOV1 5
   185,              pout TGOV1 1,                   $P_{out}$ TGOV1 1
   186,              pout TGOV1 2,                   $P_{out}$ TGOV1 2
   187,              pout TGOV1 3,                   $P_{out}$ TGOV1 3
   188,              pout TGOV1 4,                   $P_{out}$ TGOV1 4
   189,              pout TGOV1 5,                   $P_{out}$ TGOV1 5
   190,              wref TGOV1 1,              $\omega_{ref}$ TGOV1 1
   191,              wref TGOV1 2,              $\omega_{ref}$ TGOV1 2
   192,              wref TGOV1 3,              $\omega_{ref}$ TGOV1 3
   193,              wref TGOV1 4,              $\omega_{ref}$ TGOV1 4
   194,              wref TGOV1 5,              $\omega_{ref}$ TGOV1 5
   195,              pref TGOV1 1,                   $P_{ref}$ TGOV1 1
   196,              pref TGOV1 2,                   $P_{ref}$ TGOV1 2
   197,              pref TGOV1 3,                   $P_{ref}$ TGOV1 3
   198,              pref TGOV1 4,                   $P_{ref}$ TGOV1 4
   199,              pref TGOV1 5,                   $P_{ref}$ TGOV1 5
   200,                wd TGOV1 1,              $\omega_{dev}$ TGOV1 1
   201,                wd TGOV1 2,              $\omega_{dev}$ TGOV1 2
   202,                wd TGOV1 3,              $\omega_{dev}$ TGOV1 3
   203,                wd TGOV1 4,              $\omega_{dev}$ TGOV1 4
   204,                wd TGOV1 5,              $\omega_{dev}$ TGOV1 5
   205,                pd TGOV1 1,                       $P_d$ TGOV1 1
   206,                pd TGOV1 2,                       $P_d$ TGOV1 2
   207,                pd TGOV1 3,                       $P_d$ TGOV1 3
   208,                pd TGOV1 4,                       $P_d$ TGOV1 4
   209,                pd TGOV1 5,                       $P_d$ TGOV1 5
   210,              LL_y TGOV1 1,                    $y_{LL}$ TGOV1 1
   211,              LL_y TGOV1 2,                    $y_{LL}$ TGOV1 2
   212,              LL_y TGOV1 3,                    $y_{LL}$ TGOV1 3
   213,              LL_y TGOV1 4,                    $y_{LL}$ TGOV1 4
   214,              LL_y TGOV1 5,                    $y_{LL}$ TGOV1 5
   215,                 v EXST1 1,                  $E_{term}$ EXST1 1
   216,              vout EXST1 1,                   $v_{out}$ EXST1 1
   217,              vref EXST1 1,                   $V_{ref}$ EXST1 1
   218,                vi EXST1 1,                       $V_i$ EXST1 1
   219,                vl EXST1 1,                       $V_l$ EXST1 1
   220,              LL_y EXST1 1,                    $y_{LL}$ EXST1 1
   221,              WF_y EXST1 1,                    $y_{WF}$ EXST1 1
   222,             vfmax EXST1 1,                  $V_{fmax}$ EXST1 1
   223,             vfmin EXST1 1,                  $V_{fmin}$ EXST1 1
   224,                v ESST3A 2,                 $E_{term}$ ESST3A 2
   225,                v ESST3A 3,                 $E_{term}$ ESST3A 3
   226,                v ESST3A 4,                 $E_{term}$ ESST3A 4
   227,                v ESST3A 5,                 $E_{term}$ ESST3A 5
   228,             vout ESST3A 2,                  $v_{out}$ ESST3A 2
   229,             vout ESST3A 3,                  $v_{out}$ ESST3A 3
   230,             vout ESST3A 4,                  $v_{out}$ ESST3A 4
   231,             vout ESST3A 5,                  $v_{out}$ ESST3A 5
   232,              UEL ESST3A 2,                   $U_{EL}$ ESST3A 2
   233,              UEL ESST3A 3,                   $U_{EL}$ ESST3A 3
   234,              UEL ESST3A 4,                   $U_{EL}$ ESST3A 4
   235,              UEL ESST3A 5,                   $U_{EL}$ ESST3A 5
   236,               IN ESST3A 2,                      $I_N$ ESST3A 2
   237,               IN ESST3A 3,                      $I_N$ ESST3A 3
   238,               IN ESST3A 4,                      $I_N$ ESST3A 4
   239,               IN ESST3A 5,                      $I_N$ ESST3A 5
   240,            FEX_y ESST3A 2,                  $y_{FEX}$ ESST3A 2
   241,            FEX_y ESST3A 3,                  $y_{FEX}$ ESST3A 3
   242,            FEX_y ESST3A 4,                  $y_{FEX}$ ESST3A 4
   243,            FEX_y ESST3A 5,                  $y_{FEX}$ ESST3A 5
   244,             VB_x ESST3A 2,                   $x_{VB}$ ESST3A 2
   245,             VB_x ESST3A 3,                   $x_{VB}$ ESST3A 3
   246,             VB_x ESST3A 4,                   $x_{VB}$ ESST3A 4
   247,             VB_x ESST3A 5,                   $x_{VB}$ ESST3A 5
   248,             VG_x ESST3A 2,                   $x_{VG}$ ESST3A 2
   249,             VG_x ESST3A 3,                   $x_{VG}$ ESST3A 3
   250,             VG_x ESST3A 4,                   $x_{VG}$ ESST3A 4
   251,             VG_x ESST3A 5,                   $x_{VG}$ ESST3A 5
   252,              vrs ESST3A 2,                   $V_{RS}$ ESST3A 2
   253,              vrs ESST3A 3,                   $V_{RS}$ ESST3A 3
   254,              vrs ESST3A 4,                   $V_{RS}$ ESST3A 4
   255,              vrs ESST3A 5,                   $V_{RS}$ ESST3A 5
   256,             vref ESST3A 2,                  $V_{ref}$ ESST3A 2
   257,             vref ESST3A 3,                  $V_{ref}$ ESST3A 3
   258,             vref ESST3A 4,                  $V_{ref}$ ESST3A 4
   259,             vref ESST3A 5,                  $V_{ref}$ ESST3A 5
   260,               vi ESST3A 2,                      $V_i$ ESST3A 2
   261,               vi ESST3A 3,                      $V_i$ ESST3A 3
   262,               vi ESST3A 4,                      $V_i$ ESST3A 4
   263,               vi ESST3A 5,                      $V_i$ ESST3A 5
   264,              vil ESST3A 2,                   $V_{il}$ ESST3A 2
   265,              vil ESST3A 3,                   $V_{il}$ ESST3A 3
   266,              vil ESST3A 4,                   $V_{il}$ ESST3A 4
   267,              vil ESST3A 5,                   $V_{il}$ ESST3A 5
   268,             LL_y ESST3A 2,                   $y_{LL}$ ESST3A 2
   269,             LL_y ESST3A 3,                   $y_{LL}$ ESST3A 3
   270,             LL_y ESST3A 4,                   $y_{LL}$ ESST3A 4
   271,             LL_y ESST3A 5,                   $y_{LL}$ ESST3A 5
   272,            WO_y BusFreq 1,                  $y_{WO}$ BusFreq 1
   273,            WO_y BusFreq 2,                  $y_{WO}$ BusFreq 2
   274,            WO_y BusFreq 3,                  $y_{WO}$ BusFreq 3
   275,               f BusFreq 1,                       $f$ BusFreq 1
   276,               f BusFreq 2,                       $f$ BusFreq 2
   277,               f BusFreq 3,                       $f$ BusFreq 3
